\BOOKMARK [0][-]{chapter*.7}{Introduction}{}% 1
\BOOKMARK [0][-]{chapter.1}{Background}{}% 2
\BOOKMARK [1][-]{section.1.1}{Argumentation}{chapter.1}% 3
\BOOKMARK [2][-]{subsection.1.1.1}{General Definitions}{section.1.1}% 4
\BOOKMARK [2][-]{subsection.1.1.2}{Persuasion}{section.1.1}% 5
\BOOKMARK [2][-]{subsection.1.1.3}{Argumentation Mining}{section.1.1}% 6
\BOOKMARK [1][-]{section.1.2}{NLP and the DKPro Framework}{chapter.1}% 7
\BOOKMARK [2][-]{subsection.1.2.1}{Natural Language Processing}{section.1.2}% 8
\BOOKMARK [2][-]{subsection.1.2.2}{UIMA}{section.1.2}% 9
\BOOKMARK [2][-]{subsection.1.2.3}{DKPro Core}{section.1.2}% 10
\BOOKMARK [2][-]{subsection.1.2.4}{DKPro Text Classification}{section.1.2}% 11
\BOOKMARK [0][-]{chapter.2}{The Research Work}{}% 12
\BOOKMARK [1][-]{section.2.1}{Text Corpus}{chapter.2}% 13
\BOOKMARK [2][-]{subsection.2.1.1}{Manual Annotation}{section.2.1}% 14
\BOOKMARK [3][-]{subsubsection.2.1.1.1}{Sources of the data}{subsection.2.1.1}% 15
\BOOKMARK [3][-]{subsubsection.2.1.1.2}{Categories in Persuasion}{subsection.2.1.1}% 16
\BOOKMARK [3][-]{subsubsection.2.1.1.3}{Examples}{subsection.2.1.1}% 17
\BOOKMARK [3][-]{subsubsection.2.1.1.4}{Annotation Process}{subsection.2.1.1}% 18
\BOOKMARK [3][-]{subsubsection.2.1.1.5}{Results of the Manual Annotations}{subsection.2.1.1}% 19
\BOOKMARK [2][-]{subsection.2.1.2}{Corpus Statistics}{section.2.1}% 20
\BOOKMARK [2][-]{subsection.2.1.3}{Conflict Annotations}{section.2.1}% 21
\BOOKMARK [1][-]{section.2.2}{Feature Engineering}{chapter.2}% 22
\BOOKMARK [2][-]{subsection.2.2.1}{Lexical Features}{section.2.2}% 23
\BOOKMARK [3][-]{subsubsection.2.2.1.1}{Tokens N-Grams}{subsection.2.2.1}% 24
\BOOKMARK [3][-]{subsubsection.2.2.1.2}{Tokens and Sentences}{subsection.2.2.1}% 25
\BOOKMARK [3][-]{subsubsection.2.2.1.3}{Other Lexical Statistics}{subsection.2.2.1}% 26
\BOOKMARK [3][-]{subsubsection.2.2.1.4}{Punctuation Related Features}{subsection.2.2.1}% 27
\BOOKMARK [3][-]{subsubsection.2.2.1.5}{Multiple Capital Letters}{subsection.2.2.1}% 28
\BOOKMARK [2][-]{subsection.2.2.2}{Part Of Speech Features}{section.2.2}% 29
\BOOKMARK [3][-]{subsubsection.2.2.2.1}{Ratio on common POS}{subsection.2.2.2}% 30
\BOOKMARK [3][-]{subsubsection.2.2.2.2}{Comparative and Superlative}{subsection.2.2.2}% 31
\BOOKMARK [3][-]{subsubsection.2.2.2.3}{Modal Verbs}{subsection.2.2.2}% 32
\BOOKMARK [3][-]{subsubsection.2.2.2.4}{POS N-Grams}{subsection.2.2.2}% 33
\BOOKMARK [2][-]{subsection.2.2.3}{Syntactic features}{section.2.2}% 34
\BOOKMARK [3][-]{subsubsection.2.2.3.1}{Depth of the Dependency Tree}{subsection.2.2.3}% 35
\BOOKMARK [3][-]{subsubsection.2.2.3.2}{Dependency Rules}{subsection.2.2.3}% 36
\BOOKMARK [3][-]{subsubsection.2.2.3.3}{Subordinate clauses}{subsection.2.2.3}% 37
\BOOKMARK [2][-]{subsection.2.2.4}{Sentiment Analysis Feature}{section.2.2}% 38
\BOOKMARK [3][-]{subsubsection.2.2.4.1}{Sentiment Coefficients}{subsection.2.2.4}% 39
\BOOKMARK [3][-]{subsubsection.2.2.4.2}{Sentiment Fluctuation}{subsection.2.2.4}% 40
\BOOKMARK [2][-]{subsection.2.2.5}{LDA}{section.2.2}% 41
\BOOKMARK [1][-]{section.2.3}{The Classifier and Performances}{chapter.2}% 42
\BOOKMARK [2][-]{subsection.2.3.1}{SVM Classifier}{section.2.3}% 43
\BOOKMARK [2][-]{subsection.2.3.2}{Weka's SMO Classifier}{section.2.3}% 44
\BOOKMARK [2][-]{subsection.2.3.3}{Evaluate the performances of our classification}{section.2.3}% 45
\BOOKMARK [0][-]{chapter.3}{Results and Perspective}{}% 46
\BOOKMARK [1][-]{section.3.1}{Performance Evaluation}{chapter.3}% 47
\BOOKMARK [1][-]{section.3.2}{Feature Selection}{chapter.3}% 48
\BOOKMARK [1][-]{section.3.3}{Error Analysis}{chapter.3}% 49
\BOOKMARK [1][-]{section.3.4}{Future Work and General Conclusion}{chapter.3}% 50
\BOOKMARK [1][-]{section.3.5}{Personal Conclusion}{chapter.3}% 51
\BOOKMARK [0][-]{appendix.A}{Work Packages}{}% 52
\BOOKMARK [0][-]{appendix.B}{DKPro Core Overview}{}% 53
\BOOKMARK [0][-]{appendix.C}{Xmi Files - Example}{}% 54
\BOOKMARK [0][-]{appendix.D}{Binary Classification}{}% 55
\BOOKMARK [0][-]{appendix.E}{Error Analysis - Confusion Matrices}{}% 56
